// Jest Snapshot v1, https://goo.gl/fbAQLP

exports[`<App/> component should match snapshot WHEN rendered 1`] = `
<DocumentFragment>
  <div
    class="app"
  >
    <div
      class="container"
    >
      <button
        class="app__add-user"
      >
        Add new Employee
      </button>
      <div
        class="table"
      >
        <div
          class="table__header"
        >
          <div
            class="row"
            data-testid="titleRender"
          />
        </div>
        <div
          class="table__body"
        />
      </div>
      <div
        class="charts"
      >
        <div
          class="pie-chart chart"
          data-testid="pieChart"
        />
        <div
          class="bar-chart chart"
          data-testid="barChart"
        />
      </div>
    </div>
  </div>
</DocumentFragment>
`;
